
R version 4.3.2 (2023-10-31) -- "Eye Holes"
Copyright (C) 2023 The R Foundation for Statistical Computing
Platform: x86_64-apple-darwin20 (64-bit)

R is free software and comes with ABSOLUTELY NO WARRANTY.
You are welcome to redistribute it under certain conditions.
Type 'license()' or 'licence()' for distribution details.

  Natural language support but running in an English locale

R is a collaborative project with many contributors.
Type 'contributors()' for more information and
'citation()' on how to cite R or R packages in publications.

Type 'demo()' for some demos, 'help()' for on-line help, or
'help.start()' for an HTML browser interface to help.
Type 'q()' to quit R.

> pkgname <- "longpca"
> source(file.path(R.home("share"), "R", "examples-header.R"))
> options(warn = 1)
> base::assign(".ExTimings", "longpca-Ex.timings", pos = 'CheckExEnv')
> base::cat("name\tuser\tsystem\telapsed\n", file=base::get(".ExTimings", pos = 'CheckExEnv'))
> base::assign(".format_ptime",
+ function(x) {
+   if(!is.na(x[4L])) x[1L] <- x[1L] + x[4L]
+   if(!is.na(x[5L])) x[2L] <- x[2L] + x[5L]
+   options(OutDec = '.')
+   format(x[1L:3L], digits = 7L)
+ },
+ pos = 'CheckExEnv')
> 
> ### * </HEADER>
> library('longpca')
> 
> base::assign(".oldSearch", base::search(), pos = 'CheckExEnv')
> base::assign(".old_wd", base::getwd(), pos = 'CheckExEnv')
> cleanEx()
> nameEx("diagnose")
> ### * diagnose
> 
> flush(stderr()); flush(stdout())
> 
> base::assign(".ptime", proc.time(), pos = "CheckExEnv")
> ### Name: diagnose
> ### Title: diagnose_formula
> ### Aliases: diagnose
> 
> ### ** Examples
> 
> library(nycflights13)
> im = make_interaction_model(flights, ~(month&day)*dest)
> diagnose(im)
Warning in scale_y_log10() :
  log-10 transformation introduced infinite values.
Warning: Removed 28 rows containing missing values or values outside the scale range
(`geom_bar()`).
# A tibble: 6 × 3
  measurement      dest `month & day`
  <chr>           <dbl>         <dbl>
1 number_of_items   105           365
2 average_degree    297            86
3 median_degree     365            86
4 percent_le_1        2             0
5 percent_le_2        2             0
6 percent_le_3        2             0
> 
> 
> 
> base::assign(".dptime", (proc.time() - get(".ptime", pos = "CheckExEnv")), pos = "CheckExEnv")
> base::cat("diagnose", base::get(".format_ptime", pos = 'CheckExEnv')(get(".dptime", pos = "CheckExEnv")), "\n", file=base::get(".ExTimings", pos = 'CheckExEnv'), append=TRUE, sep="\t")
> cleanEx()

detaching ‘package:nycflights13’

> nameEx("make_interaction_model")
> ### * make_interaction_model
> 
> flush(stderr()); flush(stdout())
> 
> base::assign(".ptime", proc.time(), pos = "CheckExEnv")
> ### Name: make_interaction_model
> ### Title: make_interaction_model
> ### Aliases: make_interaction_model
> 
> ### ** Examples
> 
> library(nycflights13)
> im = make_interaction_model(flights,~(month & day)*dest)
> names(im)
[1] "interaction_tibble" "row_universe"       "column_universe"   
[4] "settings"          
> im$row_universe
# A tibble: 365 × 4
   month   day     n row_num
   <int> <int> <int>   <int>
 1    11    27  1014       1
 2     7    11  1006       2
 3     7     8  1004       3
 4     7    10  1004       4
 5    12     2  1004       5
 6     7    18  1003       6
 7     7    25  1003       7
 8     7    12  1002       8
 9     7     9  1001       9
10     7    17  1001      10
# ℹ 355 more rows
> im$column_universe
# A tibble: 105 × 3
   dest      n col_num
   <chr> <int>   <int>
 1 ORD   17283       1
 2 ATL   17215       2
 3 LAX   16174       3
 4 BOS   15508       4
 5 MCO   14082       5
 6 CLT   14064       6
 7 SFO   13331       7
 8 FLL   12055       8
 9 MIA   11728       9
10 DCA    9705      10
# ℹ 95 more rows
> im$interaction_tibble
# A tibble: 31,229 × 3
   row_num col_num outcome
     <int>   <int>   <dbl>
 1       1       1      52
 2       1       2      51
 3       1       3      49
 4       1       4      43
 5       1       5      40
 6       1       6      42
 7       1       7      43
 8       1       8      38
 9       1       9      37
10       1      10      28
# ℹ 31,219 more rows
> im$settings
$fo
1 ~ (month & day) * dest
<environment: 0x7fe15f1e9110>

$data_prefix
NULL

$outcome_aggregation
[1] "count"

$outcome_variables
[1] "outcome_unweighted_1"

$row_variables
[1] "month" "day"  

$column_variables
[1] "dest"

> # you can extract the sparse Matrix:
> A = longpca:::get_Matrix(im,  import_names = TRUE)
> str(A)
Formal class 'dgCMatrix' [package "Matrix"] with 6 slots
  ..@ i       : int [1:31229] 0 1 2 3 4 5 6 7 8 9 ...
  ..@ p       : int [1:106] 0 365 730 1095 1460 1825 2190 2555 2920 3285 ...
  ..@ Dim     : int [1:2] 365 105
  ..@ Dimnames:List of 2
  .. ..$ : chr [1:365] "11/27" "7/11" "7/8" "7/10" ...
  .. ..$ : chr [1:105] "ORD" "ATL" "LAX" "BOS" ...
  ..@ x       : num [1:31229] 52 55 55 55 49 54 55 55 54 55 ...
  ..@ factors : list()
> im = make_interaction_model(all_packages, ~Package*Imports, parse_text = TRUE)
> names(im)
[1] "interaction_tibble" "row_universe"       "column_universe"   
[4] "settings"          
> im$row_universe
# A tibble: 20,319 × 3
   Package                n row_num
   <chr>              <int>   <int>
 1 Seurat                64       1
 2 tidyverse             60       2
 3 radiant.data          58       3
 4 radiant.model         58       4
 5 SSDM                  55       5
 6 BasketballAnalyzeR    53       6
 7 tRigon                49       7
 8 AFM                   48       8
 9 dextergui             48       9
10 proteus               48      10
# ℹ 20,309 more rows
> im$column_universe
# A tibble: 6,230 × 4
   from_text token        n col_num
   <chr>     <chr>    <int>   <int>
 1 Imports   stats     5442       1
 2 Imports   utils     3423       2
 3 Imports   dplyr     3299       3
 4 Imports   methods   3210       4
 5 Imports   ggplot2   3135       5
 6 Imports   rcpp      2548       6
 7 Imports   rlang     2172       7
 8 Imports   graphics  2158       8
 9 Imports   magrittr  1954       9
10 Imports   stringr   1698      10
# ℹ 6,220 more rows
> im$interaction_tibble
# A tibble: 114,833 × 3
   row_num col_num outcome
     <int>   <int>   <dbl>
 1       1       1       1
 2       1       2       1
 3       1       5       1
 4       1       6       1
 5       1       7       1
 6       1       8       1
 7       1      12       1
 8       1      13       1
 9       1      14       1
10       1      15       1
# ℹ 114,823 more rows
> im$settings
$fo
1 ~ Package * Imports
<environment: 0x7fe16ae5c210>

$data_prefix
[1] "text"

$outcome_aggregation
[1] "count"

$outcome_variables
[1] "outcome_unweighted_1"

$row_variables
[1] "Package"

$column_variables
[1] "from_text" "token"    

> 
> 
> 
> base::assign(".dptime", (proc.time() - get(".ptime", pos = "CheckExEnv")), pos = "CheckExEnv")
> base::cat("make_interaction_model", base::get(".format_ptime", pos = 'CheckExEnv')(get(".dptime", pos = "CheckExEnv")), "\n", file=base::get(".ExTimings", pos = 'CheckExEnv'), append=TRUE, sep="\t")
> cleanEx()

detaching ‘package:nycflights13’

> nameEx("old_make_interaction_model")
> ### * old_make_interaction_model
> 
> flush(stderr()); flush(stdout())
> 
> base::assign(".ptime", proc.time(), pos = "CheckExEnv")
> ### Name: old_make_interaction_model
> ### Title: old_make_interaction_model
> ### Aliases: old_make_interaction_model
> 
> ### ** Examples
> 
> library(nycflights13)
> im = make_interaction_model(~(month & day)*dest, flights)
Error in if (length(formula) == 2 & boolean_first_symbol_is_tilde) { : 
  the condition has length > 1
Calls: make_interaction_model
Execution halted
